      id      | value | valid_period 
--------------+-------+--------------
 adjacency-01 |     0 | (,)
(1 row)

      id      | value | valid_period 
--------------+-------+--------------
 adjacency-02 |     0 | (,55)
 adjacency-02 |     1 | [55,)
(2 rows)

      id      | value | valid_period 
--------------+-------+--------------
 adjacency-03 |     1 | (,25)
 adjacency-03 |     0 | [25,)
(2 rows)

      id      | value | valid_period 
--------------+-------+--------------
 adjacency-04 |     1 | (,25)
 adjacency-04 |     0 | [25,55)
 adjacency-04 |     1 | [55,)
(3 rows)

      id      | value | valid_period 
--------------+-------+--------------
 adjacency-05 |     0 | (,)
(1 row)

      id      | value | valid_period 
--------------+-------+--------------
 adjacency-06 |     0 | (,55)
 adjacency-06 |     1 | [55,80)
(2 rows)

      id      | value | valid_period 
--------------+-------+--------------
 adjacency-07 |     1 | (,25)
 adjacency-07 |     0 | [25,)
(2 rows)

      id      | value | valid_period 
--------------+-------+--------------
 adjacency-08 |     1 | (,25)
 adjacency-08 |     0 | [25,55)
 adjacency-08 |     1 | [55,80)
(3 rows)

      id      | value | valid_period 
--------------+-------+--------------
 adjacency-09 |     0 | (,)
(1 row)

      id      | value | valid_period 
--------------+-------+--------------
 adjacency-10 |     0 | (,55)
 adjacency-10 |     1 | [55,)
(2 rows)

      id      | value | valid_period 
--------------+-------+--------------
 adjacency-11 |     1 | [0,25)
 adjacency-11 |     0 | [25,)
(2 rows)

      id      | value | valid_period 
--------------+-------+--------------
 adjacency-12 |     1 | [0,25)
 adjacency-12 |     0 | [25,55)
 adjacency-12 |     1 | [55,)
(3 rows)

      id      | value | valid_period 
--------------+-------+--------------
 adjacency-13 |     0 | (,)
(1 row)

      id      | value | valid_period 
--------------+-------+--------------
 adjacency-14 |     0 | (,55)
 adjacency-14 |     1 | [55,80)
(2 rows)

      id      | value | valid_period 
--------------+-------+--------------
 adjacency-15 |     1 | [0,25)
 adjacency-15 |     0 | [25,)
(2 rows)

      id      | value | valid_period 
--------------+-------+--------------
 adjacency-16 |     1 | [0,25)
 adjacency-16 |     0 | [25,55)
 adjacency-16 |     1 | [55,80)
(3 rows)

