        id        | value | valid_period 
------------------+-------+--------------
 connectedness-01 |     0 | (,)
(1 row)

        id        | value | valid_period 
------------------+-------+--------------
 connectedness-02 |     0 | (,)
(1 row)

        id        | value | valid_period 
------------------+-------+--------------
 connectedness-03 |     0 | (,)
(1 row)

        id        | value | valid_period 
------------------+-------+--------------
 connectedness-04 |     0 | (,)
(1 row)

        id        | value | valid_period 
------------------+-------+--------------
 connectedness-05 |     0 | (,)
(1 row)

        id        | value | valid_period 
------------------+-------+--------------
 connectedness-06 |     0 | (,80)
(1 row)

        id        | value | valid_period 
------------------+-------+--------------
 connectedness-07 |     0 | (,)
(1 row)

        id        | value | valid_period 
------------------+-------+--------------
 connectedness-08 |     0 | (,80)
(1 row)

        id        | value | valid_period 
------------------+-------+--------------
 connectedness-09 |     0 | (,)
(1 row)

        id        | value | valid_period 
------------------+-------+--------------
 connectedness-10 |     0 | (,)
(1 row)

        id        | value | valid_period 
------------------+-------+--------------
 connectedness-11 |     0 | [0,)
(1 row)

        id        | value | valid_period 
------------------+-------+--------------
 connectedness-12 |     0 | [0,)
(1 row)

        id        | value | valid_period 
------------------+-------+--------------
 connectedness-13 |     0 | (,)
(1 row)

        id        | value | valid_period 
------------------+-------+--------------
 connectedness-14 |     0 | (,80)
(1 row)

        id        | value | valid_period 
------------------+-------+--------------
 connectedness-15 |     0 | [0,)
(1 row)

        id        | value | valid_period 
------------------+-------+--------------
 connectedness-16 |     0 | [0,80)
(1 row)

