             pk.ok
 namespace | relation | message 
-----------+----------+---------

                 pk.missing
 namespace | relation |       message        
-----------+----------+----------------------
 pk        | missing  | missing primary key.

                             pk.missing_valid_time
 namespace |      relation      |                    message                    
-----------+--------------------+-----------------------------------------------
 pk        | missing_valid_time | primary key missing attribute "valid_period".

