      id      | value | valid_period 
--------------+-------+--------------
 s-for-fk-000 |     1 | [3,7)
(1 row)

     s_id     |             id              | state | valid_period 
--------------+-----------------------------+-------+--------------
 s-for-fk-000 | remove-with-foreign-key-000 |     0 | [3,7)
(1 row)

 id | value | valid_period 
----+-------+--------------
(0 rows)

 s_id | id | state | valid_period 
------+----+-------+--------------
(0 rows)

      id      | value | valid_period 
--------------+-------+--------------
 s-for-fk-002 |     1 | [2,4)
 s-for-fk-002 |     2 | [4,6)
 s-for-fk-002 |     3 | [6,8)
(3 rows)

     s_id     |             id              | state | valid_period 
--------------+-----------------------------+-------+--------------
 s-for-fk-002 | remove-with-foreign-key-002 |     0 | [2,8)
(1 row)

      id      | value | valid_period 
--------------+-------+--------------
 s-for-fk-003 |     1 | [2,4)
 s-for-fk-003 |     3 | [6,8)
(2 rows)

     s_id     |             id              | state | valid_period 
--------------+-----------------------------+-------+--------------
 s-for-fk-003 | remove-with-foreign-key-003 |     0 | [2,4)
 s-for-fk-003 | remove-with-foreign-key-003 |     0 | [6,8)
(2 rows)

