             ac.ok
 namespace | relation | message 
-----------+----------+---------

                         ac.missing
 namespace | relation |               message                
-----------+----------+--------------------------------------
 ac        | missing  | Missing exclude adjacency constraint

                         ac.mismatched_fields
 namespace |     relation      |               message                
-----------+-------------------+--------------------------------------
 ac        | mismatched_fields | Missing exclude adjacency constraint

                         ac.mismatched_fields_2
 namespace |      relation       |               message                
-----------+---------------------+--------------------------------------
 ac        | mismatched_fields_2 | Missing exclude adjacency constraint

                                                                         ac.wrong_operator
 namespace |    relation    |                                                                message                                                                
-----------+----------------+---------------------------------------------------------------------------------------------------------------------------------------
 ac        | wrong_operator | Invalid operator on constraint "wrong_operator_id_id2_value_value2_valid_period_excl" for attribute "id2". Expected: "=", found: "<>"

                                                                                ac.wrong_operator_2
 namespace |     relation     |                                                                      message                                                                       
-----------+------------------+----------------------------------------------------------------------------------------------------------------------------------------------------
 ac        | wrong_operator_2 | Invalid operator on constraint "wrong_operator_2_id_id2_value_value2_valid_period_excl" for attribute "valid_period". Expected: "-|-", found: "&&"

                                                                                ac.wrong_operator_3
 namespace |     relation     |                                                                      message                                                                       
-----------+------------------+----------------------------------------------------------------------------------------------------------------------------------------------------
 ac        | wrong_operator_3 | Invalid operator on constraint "wrong_operator_3_id_id2_value_value2_valid_period_excl" for attribute "id". Expected: "=", found: "<>"
 ac        | wrong_operator_3 | Invalid operator on constraint "wrong_operator_3_id_id2_value_value2_valid_period_excl" for attribute "id2". Expected: "=", found: "<>"
 ac        | wrong_operator_3 | Invalid operator on constraint "wrong_operator_3_id_id2_value_value2_valid_period_excl" for attribute "value". Expected: "=", found: "<>"
 ac        | wrong_operator_3 | Invalid operator on constraint "wrong_operator_3_id_id2_value_value2_valid_period_excl" for attribute "value2". Expected: "=", found: "<>"
 ac        | wrong_operator_3 | Invalid operator on constraint "wrong_operator_3_id_id2_value_value2_valid_period_excl" for attribute "valid_period". Expected: "-|-", found: "&&"

       ac.multiple_one_ok
 namespace | relation | message 
-----------+----------+---------

                                                                             ac.wrong_operator_none_ok
 namespace |     relation     |                                                                      message                                                                       
-----------+------------------+----------------------------------------------------------------------------------------------------------------------------------------------------
 ac        | multiple_none_ok | Invalid operator on constraint "multiple_none_ok_id_id2_value_value2_valid_period_excl" for attribute "id". Expected: "=", found: "<>"
 ac        | multiple_none_ok | Invalid operator on constraint "multiple_none_ok_id_id2_value_value2_valid_period_excl" for attribute "value2". Expected: "=", found: "<>"
 ac        | multiple_none_ok | Invalid operator on constraint "multiple_none_ok_id_id2_value_value2_valid_period_excl" for attribute "valid_period". Expected: "-|-", found: "&&"
 ac        | multiple_none_ok | Invalid operator on constraint "multiple_none_ok_id_valid_period_id2_value2_value_excl" for attribute "id2". Expected: "=", found: "<>"

